// Jest Snapshot v1, https://goo.gl/fbAQLP

exports[`GetManySkillsHandler should get many skills 1`] = `
[
  {
    "categoryId": 2,
    "description": "description",
    "id": 2,
    "name": "name",
  },
]
`;
