// Jest Snapshot v1, https://goo.gl/fbAQLP

exports[`AuthService create should create user 1`] = `
{
  "id": Any<String>,
}
`;
